// Jest Snapshot v1, https://goo.gl/fbAQLP

exports[`App.test.js has the expected html structure 1`] = `
<div
  id="app"
>
  <messagelist-stub
    messages="Cat"
  >
    <header>
      
      Awesome header
    
    </header>
     
    <message-stub
      author="Paco"
      message="Cat"
    />
  </messagelist-stub>
   
  <form-stub />
</div>
`;
